Archive member included to satisfy reference by file (symbol)

/usr/lib/x86_64-linux-gnu/libc_nonshared.a(elf-init.oS)
                              /usr/lib/gcc/x86_64-linux-gnu/7/../../../x86_64-linux-gnu/Scrt1.o (__libc_csu_init)

Allocating common symbols
Common symbol       size              file

num                 0x14              ./main.o
RX_buffer           0x30              ./src/delete_CB.o
prime_number        0x4               ./main.o
prime_print         0x1e              ./main.o

Discarded input sections

 .note.GNU-stack
                0x0000000000000000        0x0 /usr/lib/gcc/x86_64-linux-gnu/7/../../../x86_64-linux-gnu/Scrt1.o
 .note.GNU-stack
                0x0000000000000000        0x0 /usr/lib/gcc/x86_64-linux-gnu/7/../../../x86_64-linux-gnu/crti.o
 .note.GNU-stack
                0x0000000000000000        0x0 /usr/lib/gcc/x86_64-linux-gnu/7/crtbeginS.o
 .note.GNU-stack
                0x0000000000000000        0x0 ./src/delete_CB.o
 .note.GNU-stack
                0x0000000000000000        0x0 ./src/init_CB.o
 .note.GNU-stack
                0x0000000000000000        0x0 ./src/insert_data.o
 .note.GNU-stack
                0x0000000000000000        0x0 ./src/insert_link.o
 .note.GNU-stack
                0x0000000000000000        0x0 ./src/resize_CB.o
 .note.GNU-stack
                0x0000000000000000        0x0 ./src/report_data.o
 .note.GNU-stack
                0x0000000000000000        0x0 ./src/clear_buffer.o
 .note.GNU-stack
                0x0000000000000000        0x0 ./src/pop_data.o
 .note.GNU-stack
                0x0000000000000000        0x0 ./main.o
 .note.GNU-stack
                0x0000000000000000        0x0 /usr/lib/x86_64-linux-gnu/libc_nonshared.a(elf-init.oS)
 .note.GNU-stack
                0x0000000000000000        0x0 /usr/lib/gcc/x86_64-linux-gnu/7/crtendS.o
 .note.GNU-stack
                0x0000000000000000        0x0 /usr/lib/gcc/x86_64-linux-gnu/7/../../../x86_64-linux-gnu/crtn.o

Memory Configuration

Name             Origin             Length             Attributes
*default*        0x0000000000000000 0xffffffffffffffff

Linker script and memory map

LOAD /usr/lib/gcc/x86_64-linux-gnu/7/../../../x86_64-linux-gnu/Scrt1.o
LOAD /usr/lib/gcc/x86_64-linux-gnu/7/../../../x86_64-linux-gnu/crti.o
LOAD /usr/lib/gcc/x86_64-linux-gnu/7/crtbeginS.o
LOAD ./src/delete_CB.o
LOAD ./src/init_CB.o
LOAD ./src/insert_data.o
LOAD ./src/insert_link.o
LOAD ./src/resize_CB.o
LOAD ./src/report_data.o
LOAD ./src/clear_buffer.o
LOAD ./src/pop_data.o
LOAD ./main.o
LOAD /usr/lib/gcc/x86_64-linux-gnu/7/libgcc.a
LOAD /usr/lib/gcc/x86_64-linux-gnu/7/libgcc_s.so
START GROUP
LOAD /usr/lib/gcc/x86_64-linux-gnu/7/libgcc_s.so.1
LOAD /usr/lib/gcc/x86_64-linux-gnu/7/libgcc.a
END GROUP
LOAD /usr/lib/gcc/x86_64-linux-gnu/7/../../../x86_64-linux-gnu/libc.so
START GROUP
LOAD /lib/x86_64-linux-gnu/libc.so.6
LOAD /usr/lib/x86_64-linux-gnu/libc_nonshared.a
LOAD /lib/x86_64-linux-gnu/ld-linux-x86-64.so.2
END GROUP
LOAD /usr/lib/gcc/x86_64-linux-gnu/7/libgcc.a
LOAD /usr/lib/gcc/x86_64-linux-gnu/7/libgcc_s.so
START GROUP
LOAD /usr/lib/gcc/x86_64-linux-gnu/7/libgcc_s.so.1
LOAD /usr/lib/gcc/x86_64-linux-gnu/7/libgcc.a
END GROUP
LOAD /usr/lib/gcc/x86_64-linux-gnu/7/crtendS.o
LOAD /usr/lib/gcc/x86_64-linux-gnu/7/../../../x86_64-linux-gnu/crtn.o
                [!provide]                        PROVIDE (__executable_start, SEGMENT_START ("text-segment", 0x0))
                0x0000000000000238                . = (SEGMENT_START ("text-segment", 0x0) + SIZEOF_HEADERS)

.interp         0x0000000000000238       0x1c
 *(.interp)
 .interp        0x0000000000000238       0x1c /usr/lib/gcc/x86_64-linux-gnu/7/../../../x86_64-linux-gnu/Scrt1.o

.note.ABI-tag   0x0000000000000254       0x20
 .note.ABI-tag  0x0000000000000254       0x20 /usr/lib/gcc/x86_64-linux-gnu/7/../../../x86_64-linux-gnu/Scrt1.o

.note.gnu.build-id
                0x0000000000000274       0x24
 *(.note.gnu.build-id)
 .note.gnu.build-id
                0x0000000000000274       0x24 /usr/lib/gcc/x86_64-linux-gnu/7/../../../x86_64-linux-gnu/Scrt1.o

.hash
 *(.hash)

.gnu.hash       0x0000000000000298       0x1c
 *(.gnu.hash)
 .gnu.hash      0x0000000000000298       0x1c /usr/lib/gcc/x86_64-linux-gnu/7/../../../x86_64-linux-gnu/Scrt1.o

.dynsym         0x00000000000002b8      0x108
 *(.dynsym)
 .dynsym        0x00000000000002b8      0x108 /usr/lib/gcc/x86_64-linux-gnu/7/../../../x86_64-linux-gnu/Scrt1.o

.dynstr         0x00000000000003c0       0xb0
 *(.dynstr)
 .dynstr        0x00000000000003c0       0xb0 /usr/lib/gcc/x86_64-linux-gnu/7/../../../x86_64-linux-gnu/Scrt1.o

.gnu.version    0x0000000000000470       0x16
 *(.gnu.version)
 .gnu.version   0x0000000000000470       0x16 /usr/lib/gcc/x86_64-linux-gnu/7/../../../x86_64-linux-gnu/Scrt1.o

.gnu.version_d  0x0000000000000488        0x0
 *(.gnu.version_d)
 .gnu.version_d
                0x0000000000000488        0x0 /usr/lib/gcc/x86_64-linux-gnu/7/../../../x86_64-linux-gnu/Scrt1.o

.gnu.version_r  0x0000000000000488       0x30
 *(.gnu.version_r)
 .gnu.version_r
                0x0000000000000488       0x30 /usr/lib/gcc/x86_64-linux-gnu/7/../../../x86_64-linux-gnu/Scrt1.o

.rela.dyn       0x00000000000004b8       0xc0
 *(.rela.init)
 *(.rela.text .rela.text.* .rela.gnu.linkonce.t.*)
 .rela.text     0x00000000000004b8        0x0 /usr/lib/gcc/x86_64-linux-gnu/7/../../../x86_64-linux-gnu/Scrt1.o
 *(.rela.fini)
 *(.rela.rodata .rela.rodata.* .rela.gnu.linkonce.r.*)
 *(.rela.data .rela.data.* .rela.gnu.linkonce.d.*)
 .rela.data.rel.ro
                0x00000000000004b8        0x0 /usr/lib/gcc/x86_64-linux-gnu/7/../../../x86_64-linux-gnu/Scrt1.o
 .rela.data.rel.local
                0x00000000000004b8       0x18 /usr/lib/gcc/x86_64-linux-gnu/7/../../../x86_64-linux-gnu/Scrt1.o
 *(.rela.tdata .rela.tdata.* .rela.gnu.linkonce.td.*)
 *(.rela.tbss .rela.tbss.* .rela.gnu.linkonce.tb.*)
 *(.rela.ctors)
 *(.rela.dtors)
 *(.rela.got)
 .rela.got      0x00000000000004d0       0x78 /usr/lib/gcc/x86_64-linux-gnu/7/../../../x86_64-linux-gnu/Scrt1.o
 *(.rela.bss .rela.bss.* .rela.gnu.linkonce.b.*)
 .rela.bss      0x0000000000000548        0x0 /usr/lib/gcc/x86_64-linux-gnu/7/../../../x86_64-linux-gnu/Scrt1.o
 *(.rela.ldata .rela.ldata.* .rela.gnu.linkonce.l.*)
 *(.rela.lbss .rela.lbss.* .rela.gnu.linkonce.lb.*)
 *(.rela.lrodata .rela.lrodata.* .rela.gnu.linkonce.lr.*)
 *(.rela.ifunc)
 .rela.ifunc    0x0000000000000548        0x0 /usr/lib/gcc/x86_64-linux-gnu/7/../../../x86_64-linux-gnu/Scrt1.o
 .rela.fini_array
                0x0000000000000548       0x18 /usr/lib/gcc/x86_64-linux-gnu/7/../../../x86_64-linux-gnu/Scrt1.o
 .rela.init_array
                0x0000000000000560       0x18 /usr/lib/gcc/x86_64-linux-gnu/7/../../../x86_64-linux-gnu/Scrt1.o

.rela.plt       0x0000000000000578       0x78
 *(.rela.plt)
 .rela.plt      0x0000000000000578       0x78 /usr/lib/gcc/x86_64-linux-gnu/7/../../../x86_64-linux-gnu/Scrt1.o
                [!provide]                        PROVIDE (__rela_iplt_start, .)
 *(.rela.iplt)
                [!provide]                        PROVIDE (__rela_iplt_end, .)

.init           0x00000000000005f0       0x17
 *(SORT(.init))
 .init          0x00000000000005f0       0x12 /usr/lib/gcc/x86_64-linux-gnu/7/../../../x86_64-linux-gnu/crti.o
                0x00000000000005f0                _init
 .init          0x0000000000000602        0x5 /usr/lib/gcc/x86_64-linux-gnu/7/../../../x86_64-linux-gnu/crtn.o

.plt            0x0000000000000610       0x60
 *(.plt)
 .plt           0x0000000000000610       0x60 /usr/lib/gcc/x86_64-linux-gnu/7/../../../x86_64-linux-gnu/Scrt1.o
 *(.iplt)

.plt.got        0x0000000000000670        0x8
 *(.plt.got)
 .plt.got       0x0000000000000670        0x8 /usr/lib/gcc/x86_64-linux-gnu/7/../../../x86_64-linux-gnu/Scrt1.o

.plt.sec
 *(.plt.sec)

.text           0x0000000000000680      0x832
 *(.text.unlikely .text.*_unlikely .text.unlikely.*)
 *(.text.exit .text.exit.*)
 *(.text.startup .text.startup.*)
 *(.text.hot .text.hot.*)
 *(.text .stub .text.* .gnu.linkonce.t.*)
 .text          0x0000000000000680       0x2b /usr/lib/gcc/x86_64-linux-gnu/7/../../../x86_64-linux-gnu/Scrt1.o
                0x0000000000000680                _start
 .text          0x00000000000006ab        0x0 /usr/lib/gcc/x86_64-linux-gnu/7/../../../x86_64-linux-gnu/crti.o
 *fill*         0x00000000000006ab        0x5 
 .text          0x00000000000006b0       0xda /usr/lib/gcc/x86_64-linux-gnu/7/crtbeginS.o
 .text          0x000000000000078a      0x10b ./src/delete_CB.o
                0x000000000000078a                delete_CB
 .text          0x0000000000000895      0x119 ./src/init_CB.o
                0x0000000000000895                init_CB
                0x0000000000000965                IsFULL
                0x000000000000098d                IsEMPTY
 .text          0x00000000000009ae       0xe9 ./src/insert_data.o
                0x00000000000009ae                insert_data
 .text          0x0000000000000a97       0xbd ./src/insert_link.o
                0x0000000000000a97                insert_link
 .text          0x0000000000000b54       0x7b ./src/resize_CB.o
                0x0000000000000b54                resize_CB
 .text          0x0000000000000bcf      0x108 ./src/report_data.o
                0x0000000000000bcf                report_data
 .text          0x0000000000000cd7       0x8b ./src/clear_buffer.o
                0x0000000000000cd7                clear_buffer
 .text          0x0000000000000d62       0x93 ./src/pop_data.o
                0x0000000000000d62                pop_data
 .text          0x0000000000000df5       0x40 ./main.o
                0x0000000000000df5                main
 *fill*         0x0000000000000e35        0xb 
 .text          0x0000000000000e40       0x72 /usr/lib/x86_64-linux-gnu/libc_nonshared.a(elf-init.oS)
                0x0000000000000e40                __libc_csu_init
                0x0000000000000eb0                __libc_csu_fini
 .text          0x0000000000000eb2        0x0 /usr/lib/gcc/x86_64-linux-gnu/7/crtendS.o
 .text          0x0000000000000eb2        0x0 /usr/lib/gcc/x86_64-linux-gnu/7/../../../x86_64-linux-gnu/crtn.o
 *(.gnu.warning)

.fini           0x0000000000000eb4        0x9
 *(SORT(.fini))
 .fini          0x0000000000000eb4        0x4 /usr/lib/gcc/x86_64-linux-gnu/7/../../../x86_64-linux-gnu/crti.o
                0x0000000000000eb4                _fini
 .fini          0x0000000000000eb8        0x5 /usr/lib/gcc/x86_64-linux-gnu/7/../../../x86_64-linux-gnu/crtn.o
                [!provide]                        PROVIDE (__etext, .)
                [!provide]                        PROVIDE (_etext, .)
                [!provide]                        PROVIDE (etext, .)

.rodata         0x0000000000000ec0      0x1c1
 *(.rodata .rodata.* .gnu.linkonce.r.*)
 .rodata.cst4   0x0000000000000ec0        0x4 /usr/lib/gcc/x86_64-linux-gnu/7/../../../x86_64-linux-gnu/Scrt1.o
                0x0000000000000ec0                _IO_stdin_used
 .rodata        0x0000000000000ec4       0x2e ./src/delete_CB.o
 .rodata        0x0000000000000ef2       0x16 ./src/init_CB.o
 .rodata        0x0000000000000f08       0x3c ./src/insert_data.o
 .rodata        0x0000000000000f44       0x2c ./src/resize_CB.o
 .rodata        0x0000000000000f70       0x86 ./src/report_data.o
 *fill*         0x0000000000000ff6        0x2 
 .rodata        0x0000000000000ff8       0x4f ./src/clear_buffer.o
 *fill*         0x0000000000001047        0x1 
 .rodata        0x0000000000001048       0x39 ./src/pop_data.o

.rodata1
 *(.rodata1)

.eh_frame_hdr   0x0000000000001084       0x8c
 *(.eh_frame_hdr)
 .eh_frame_hdr  0x0000000000001084       0x8c /usr/lib/gcc/x86_64-linux-gnu/7/../../../x86_64-linux-gnu/Scrt1.o
                0x0000000000001084                __GNU_EH_FRAME_HDR
 *(.eh_frame_entry .eh_frame_entry.*)

.eh_frame       0x0000000000001110      0x248
 *(.eh_frame)
 .eh_frame      0x0000000000001110       0x30 /usr/lib/gcc/x86_64-linux-gnu/7/../../../x86_64-linux-gnu/Scrt1.o
                                         0x2c (size before relaxing)
 *fill*         0x0000000000001140        0x0 
 .eh_frame      0x0000000000001140       0x40 /usr/lib/gcc/x86_64-linux-gnu/7/../../../x86_64-linux-gnu/Scrt1.o
 .eh_frame      0x0000000000001180       0x18 /usr/lib/gcc/x86_64-linux-gnu/7/../../../x86_64-linux-gnu/Scrt1.o
                                         0x30 (size before relaxing)
 .eh_frame      0x0000000000001198       0x20 ./src/delete_CB.o
                                         0x38 (size before relaxing)
 .eh_frame      0x00000000000011b8       0x60 ./src/init_CB.o
                                         0x78 (size before relaxing)
 .eh_frame      0x0000000000001218       0x20 ./src/insert_data.o
                                         0x38 (size before relaxing)
 .eh_frame      0x0000000000001238       0x20 ./src/insert_link.o
                                         0x38 (size before relaxing)
 .eh_frame      0x0000000000001258       0x20 ./src/resize_CB.o
                                         0x38 (size before relaxing)
 .eh_frame      0x0000000000001278       0x20 ./src/report_data.o
                                         0x38 (size before relaxing)
 .eh_frame      0x0000000000001298       0x20 ./src/clear_buffer.o
                                         0x38 (size before relaxing)
 .eh_frame      0x00000000000012b8       0x20 ./src/pop_data.o
                                         0x38 (size before relaxing)
 .eh_frame      0x00000000000012d8       0x20 ./main.o
                                         0x38 (size before relaxing)
 .eh_frame      0x00000000000012f8       0x5c /usr/lib/x86_64-linux-gnu/libc_nonshared.a(elf-init.oS)
                                         0x78 (size before relaxing)
 .eh_frame      0x0000000000001354        0x4 /usr/lib/gcc/x86_64-linux-gnu/7/crtendS.o
 *(.eh_frame.*)

.gcc_except_table
 *(.gcc_except_table .gcc_except_table.*)

.gnu_extab
 *(.gnu_extab*)

.exception_ranges
 *(.exception_ranges .exception_ranges*)
                0x0000000000201d98                . = DATA_SEGMENT_ALIGN (CONSTANT (MAXPAGESIZE), CONSTANT (COMMONPAGESIZE))

.eh_frame
 *(.eh_frame)
 *(.eh_frame.*)

.gnu_extab
 *(.gnu_extab)

.gcc_except_table
 *(.gcc_except_table .gcc_except_table.*)

.exception_ranges
 *(.exception_ranges .exception_ranges*)

.tdata
 *(.tdata .tdata.* .gnu.linkonce.td.*)

.tbss
 *(.tbss .tbss.* .gnu.linkonce.tb.*)
 *(.tcommon)

.preinit_array  0x0000000000201d98        0x0
                [!provide]                        PROVIDE (__preinit_array_start, .)
 *(.preinit_array)
                [!provide]                        PROVIDE (__preinit_array_end, .)

.init_array     0x0000000000201d98        0x8
                0x0000000000201d98                PROVIDE (__init_array_start, .)
 *(SORT(.init_array.*) SORT(.ctors.*))
 *(.init_array EXCLUDE_FILE(*crtend?.o *crtend.o *crtbegin?.o *crtbegin.o) .ctors)
 .init_array    0x0000000000201d98        0x8 /usr/lib/gcc/x86_64-linux-gnu/7/crtbeginS.o
                0x0000000000201da0                PROVIDE (__init_array_end, .)

.fini_array     0x0000000000201da0        0x8
                [!provide]                        PROVIDE (__fini_array_start, .)
 *(SORT(.fini_array.*) SORT(.dtors.*))
 *(.fini_array EXCLUDE_FILE(*crtend?.o *crtend.o *crtbegin?.o *crtbegin.o) .dtors)
 .fini_array    0x0000000000201da0        0x8 /usr/lib/gcc/x86_64-linux-gnu/7/crtbeginS.o
                [!provide]                        PROVIDE (__fini_array_end, .)

.ctors
 *crtbegin.o(.ctors)
 *crtbegin?.o(.ctors)
 *(EXCLUDE_FILE(*crtend?.o *crtend.o) .ctors)
 *(SORT(.ctors.*))
 *(.ctors)

.dtors
 *crtbegin.o(.dtors)
 *crtbegin?.o(.dtors)
 *(EXCLUDE_FILE(*crtend?.o *crtend.o) .dtors)
 *(SORT(.dtors.*))
 *(.dtors)

.jcr
 *(.jcr)

.data.rel.ro    0x0000000000201da8        0x0
 *(.data.rel.ro.local* .gnu.linkonce.d.rel.ro.local.*)
 *(.data.rel.ro .data.rel.ro.* .gnu.linkonce.d.rel.ro.*)
 .data.rel.ro   0x0000000000201da8        0x0 /usr/lib/gcc/x86_64-linux-gnu/7/../../../x86_64-linux-gnu/Scrt1.o

.dynamic        0x0000000000201da8      0x1f0
 *(.dynamic)
 .dynamic       0x0000000000201da8      0x1f0 /usr/lib/gcc/x86_64-linux-gnu/7/../../../x86_64-linux-gnu/Scrt1.o
                0x0000000000201da8                _DYNAMIC

.got            0x0000000000201f98       0x68
 *(.got.plt)
 .got.plt       0x0000000000201f98       0x40 /usr/lib/gcc/x86_64-linux-gnu/7/../../../x86_64-linux-gnu/Scrt1.o
                0x0000000000201f98                _GLOBAL_OFFSET_TABLE_
 *(.igot.plt)
 *(.got)
 .got           0x0000000000201fd8       0x28 /usr/lib/gcc/x86_64-linux-gnu/7/../../../x86_64-linux-gnu/Scrt1.o
 *(.igot)
                0x0000000000202000                . = DATA_SEGMENT_RELRO_END (., 0x0)

.data           0x0000000000202000       0x10
 *(.data .data.* .gnu.linkonce.d.*)
 .data          0x0000000000202000        0x4 /usr/lib/gcc/x86_64-linux-gnu/7/../../../x86_64-linux-gnu/Scrt1.o
                0x0000000000202000                data_start
                0x0000000000202000                __data_start
 .data          0x0000000000202004        0x0 /usr/lib/gcc/x86_64-linux-gnu/7/../../../x86_64-linux-gnu/crti.o
 .data          0x0000000000202004        0x0 /usr/lib/gcc/x86_64-linux-gnu/7/crtbeginS.o
 *fill*         0x0000000000202004        0x4 
 .data.rel.local
                0x0000000000202008        0x8 /usr/lib/gcc/x86_64-linux-gnu/7/crtbeginS.o
                0x0000000000202008                __dso_handle
 .data          0x0000000000202010        0x0 ./src/delete_CB.o
 .data          0x0000000000202010        0x0 ./src/init_CB.o
 .data          0x0000000000202010        0x0 ./src/insert_data.o
 .data          0x0000000000202010        0x0 ./src/insert_link.o
 .data          0x0000000000202010        0x0 ./src/resize_CB.o
 .data          0x0000000000202010        0x0 ./src/report_data.o
 .data          0x0000000000202010        0x0 ./src/clear_buffer.o
 .data          0x0000000000202010        0x0 ./src/pop_data.o
 .data          0x0000000000202010        0x0 ./main.o
 .data          0x0000000000202010        0x0 /usr/lib/x86_64-linux-gnu/libc_nonshared.a(elf-init.oS)
 .data          0x0000000000202010        0x0 /usr/lib/gcc/x86_64-linux-gnu/7/crtendS.o
 .data          0x0000000000202010        0x0 /usr/lib/gcc/x86_64-linux-gnu/7/../../../x86_64-linux-gnu/crtn.o

.tm_clone_table
                0x0000000000202010        0x0
 .tm_clone_table
                0x0000000000202010        0x0 /usr/lib/gcc/x86_64-linux-gnu/7/crtbeginS.o
 .tm_clone_table
                0x0000000000202010        0x0 /usr/lib/gcc/x86_64-linux-gnu/7/crtendS.o

.data1
 *(.data1)
                0x0000000000202010                _edata = .
                [!provide]                        PROVIDE (edata, .)
                0x0000000000202010                . = .
                0x0000000000202010                __bss_start = .

.bss            0x0000000000202020      0x4b0
 *(.dynbss)
 .dynbss        0x0000000000202020        0x0 /usr/lib/gcc/x86_64-linux-gnu/7/../../../x86_64-linux-gnu/Scrt1.o
 *(.bss .bss.* .gnu.linkonce.b.*)
 .bss           0x0000000000202020        0x0 /usr/lib/gcc/x86_64-linux-gnu/7/../../../x86_64-linux-gnu/Scrt1.o
 .bss           0x0000000000202020        0x0 /usr/lib/gcc/x86_64-linux-gnu/7/../../../x86_64-linux-gnu/crti.o
 .bss           0x0000000000202020        0x1 /usr/lib/gcc/x86_64-linux-gnu/7/crtbeginS.o
 .bss           0x0000000000202021        0x0 ./src/delete_CB.o
 .bss           0x0000000000202021        0x0 ./src/init_CB.o
 .bss           0x0000000000202021        0x0 ./src/insert_data.o
 .bss           0x0000000000202021        0x0 ./src/insert_link.o
 .bss           0x0000000000202021        0x0 ./src/resize_CB.o
 .bss           0x0000000000202021        0x0 ./src/report_data.o
 .bss           0x0000000000202021        0x0 ./src/clear_buffer.o
 .bss           0x0000000000202021        0x0 ./src/pop_data.o
 *fill*         0x0000000000202021       0x1f 
 .bss           0x0000000000202040      0x401 ./main.o
                0x0000000000202040                database
                0x0000000000202440                data_pop
 .bss           0x0000000000202441        0x0 /usr/lib/x86_64-linux-gnu/libc_nonshared.a(elf-init.oS)
 .bss           0x0000000000202441        0x0 /usr/lib/gcc/x86_64-linux-gnu/7/crtendS.o
 .bss           0x0000000000202441        0x0 /usr/lib/gcc/x86_64-linux-gnu/7/../../../x86_64-linux-gnu/crtn.o
 *(COMMON)
 *fill*         0x0000000000202441       0x1f 
 COMMON         0x0000000000202460       0x30 ./src/delete_CB.o
                0x0000000000202460                RX_buffer
 COMMON         0x0000000000202490       0x3e ./main.o
                0x0000000000202490                num
                0x00000000002024a4                prime_number
                0x00000000002024b0                prime_print
                0x00000000002024d0                . = ALIGN ((. != 0x0)?0x8:0x1)
 *fill*         0x00000000002024ce        0x2 

.lbss
 *(.dynlbss)
 *(.lbss .lbss.* .gnu.linkonce.lb.*)
 *(LARGE_COMMON)
                0x00000000002024d0                . = ALIGN (0x8)
                0x00000000002024d0                . = SEGMENT_START ("ldata-segment", .)

.lrodata
 *(.lrodata .lrodata.* .gnu.linkonce.lr.*)

.ldata          0x00000000006024d0        0x0
 *(.ldata .ldata.* .gnu.linkonce.l.*)
                0x00000000006024d0                . = ALIGN ((. != 0x0)?0x8:0x1)
                0x00000000006024d0                . = ALIGN (0x8)
                0x00000000006024d0                _end = .
                [!provide]                        PROVIDE (end, .)
                0x00000000006024d0                . = DATA_SEGMENT_END (.)

.stab
 *(.stab)

.stabstr
 *(.stabstr)

.stab.excl
 *(.stab.excl)

.stab.exclstr
 *(.stab.exclstr)

.stab.index
 *(.stab.index)

.stab.indexstr
 *(.stab.indexstr)

.comment        0x0000000000000000       0x25
 *(.comment)
 .comment       0x0000000000000000       0x25 /usr/lib/gcc/x86_64-linux-gnu/7/crtbeginS.o
                                         0x26 (size before relaxing)
 .comment       0x0000000000000025       0x26 ./src/delete_CB.o
 .comment       0x0000000000000025       0x26 ./src/init_CB.o
 .comment       0x0000000000000025       0x26 ./src/insert_data.o
 .comment       0x0000000000000025       0x26 ./src/insert_link.o
 .comment       0x0000000000000025       0x26 ./src/resize_CB.o
 .comment       0x0000000000000025       0x26 ./src/report_data.o
 .comment       0x0000000000000025       0x26 ./src/clear_buffer.o
 .comment       0x0000000000000025       0x26 ./src/pop_data.o
 .comment       0x0000000000000025       0x26 ./main.o
 .comment       0x0000000000000025       0x26 /usr/lib/gcc/x86_64-linux-gnu/7/crtendS.o

.debug
 *(.debug)

.line
 *(.line)

.debug_srcinfo
 *(.debug_srcinfo)

.debug_sfnames
 *(.debug_sfnames)

.debug_aranges  0x0000000000000000      0x1b0
 *(.debug_aranges)
 .debug_aranges
                0x0000000000000000       0x30 ./src/delete_CB.o
 .debug_aranges
                0x0000000000000030       0x30 ./src/init_CB.o
 .debug_aranges
                0x0000000000000060       0x30 ./src/insert_data.o
 .debug_aranges
                0x0000000000000090       0x30 ./src/insert_link.o
 .debug_aranges
                0x00000000000000c0       0x30 ./src/resize_CB.o
 .debug_aranges
                0x00000000000000f0       0x30 ./src/report_data.o
 .debug_aranges
                0x0000000000000120       0x30 ./src/clear_buffer.o
 .debug_aranges
                0x0000000000000150       0x30 ./src/pop_data.o
 .debug_aranges
                0x0000000000000180       0x30 ./main.o

.debug_pubnames
 *(.debug_pubnames)

.debug_info     0x0000000000000000     0x2923
 *(.debug_info .gnu.linkonce.wi.*)
 .debug_info    0x0000000000000000      0x496 ./src/delete_CB.o
 .debug_info    0x0000000000000496      0x4ed ./src/init_CB.o
 .debug_info    0x0000000000000983      0x473 ./src/insert_data.o
 .debug_info    0x0000000000000df6      0x473 ./src/insert_link.o
 .debug_info    0x0000000000001269      0x491 ./src/resize_CB.o
 .debug_info    0x00000000000016fa      0x4a9 ./src/report_data.o
 .debug_info    0x0000000000001ba3      0x465 ./src/clear_buffer.o
 .debug_info    0x0000000000002008      0x479 ./src/pop_data.o
 .debug_info    0x0000000000002481      0x4a2 ./main.o

.debug_abbrev   0x0000000000000000      0xbdd
 *(.debug_abbrev)
 .debug_abbrev  0x0000000000000000      0x16a ./src/delete_CB.o
 .debug_abbrev  0x000000000000016a      0x175 ./src/init_CB.o
 .debug_abbrev  0x00000000000002df      0x152 ./src/insert_data.o
 .debug_abbrev  0x0000000000000431      0x152 ./src/insert_link.o
 .debug_abbrev  0x0000000000000583      0x15b ./src/resize_CB.o
 .debug_abbrev  0x00000000000006de      0x15b ./src/report_data.o
 .debug_abbrev  0x0000000000000839      0x143 ./src/clear_buffer.o
 .debug_abbrev  0x000000000000097c      0x143 ./src/pop_data.o
 .debug_abbrev  0x0000000000000abf      0x11e ./main.o

.debug_line     0x0000000000000000      0xae5
 *(.debug_line .debug_line.* .debug_line_end)
 .debug_line    0x0000000000000000      0x13d ./src/delete_CB.o
 .debug_line    0x000000000000013d      0x14a ./src/init_CB.o
 .debug_line    0x0000000000000287      0x13a ./src/insert_data.o
 .debug_line    0x00000000000003c1      0x12f ./src/insert_link.o
 .debug_line    0x00000000000004f0      0x136 ./src/resize_CB.o
 .debug_line    0x0000000000000626      0x14e ./src/report_data.o
 .debug_line    0x0000000000000774      0x12b ./src/clear_buffer.o
 .debug_line    0x000000000000089f      0x129 ./src/pop_data.o
 .debug_line    0x00000000000009c8      0x11d ./main.o

.debug_frame
 *(.debug_frame)

.debug_str      0x0000000000000000      0x487
 *(.debug_str)
 .debug_str     0x0000000000000000      0x352 ./src/delete_CB.o
                                        0x3c1 (size before relaxing)
 .debug_str     0x0000000000000352       0x2c ./src/init_CB.o
                                        0x3cd (size before relaxing)
 .debug_str     0x000000000000037e       0x1e ./src/insert_data.o
                                        0x3bf (size before relaxing)
 .debug_str     0x000000000000039c       0x23 ./src/insert_link.o
                                        0x3c4 (size before relaxing)
 .debug_str     0x00000000000003bf       0x2a ./src/resize_CB.o
                                        0x3cb (size before relaxing)
 .debug_str     0x00000000000003e9       0x2f ./src/report_data.o
                                        0x3de (size before relaxing)
 .debug_str     0x0000000000000418       0x20 ./src/clear_buffer.o
                                        0x3c1 (size before relaxing)
 .debug_str     0x0000000000000438       0x18 ./src/pop_data.o
                                        0x3b9 (size before relaxing)
 .debug_str     0x0000000000000450       0x37 ./main.o
                                        0x37c (size before relaxing)

.debug_loc
 *(.debug_loc)

.debug_macinfo
 *(.debug_macinfo)

.debug_weaknames
 *(.debug_weaknames)

.debug_funcnames
 *(.debug_funcnames)

.debug_typenames
 *(.debug_typenames)

.debug_varnames
 *(.debug_varnames)

.debug_pubtypes
 *(.debug_pubtypes)

.debug_ranges
 *(.debug_ranges)

.debug_macro
 *(.debug_macro)

.debug_addr
 *(.debug_addr)

.gnu.attributes
 *(.gnu.attributes)

/DISCARD/
 *(.note.GNU-stack)
 *(.gnu_debuglink)
 *(.gnu.lto_*)
OUTPUT(char_histogram.elf elf64-x86-64)
