Archive member included to satisfy reference by file (symbol)

/usr/arm-linux-gnueabihf/lib/libc_nonshared.a(elf-init.oS)
                              /usr/lib/gcc-cross/arm-linux-gnueabi/7/../../../../arm-linux-gnueabi/lib/../libhf/crt1.o (__libc_csu_init)

As-needed library included to satisfy reference by file (symbol)

ld-linux-armhf.so.3           ./main.o (__stack_chk_guard@@GLIBC_2.4)

Allocating common symbols
Common symbol       size              file

num                 0x14              ./main.o
RX_buffer           0x1c              ./src/delete_CB.o
prime_number        0x4               ./main.o
prime_print         0x1e              ./main.o

Discarded input sections

 .note.GNU-stack
                0x0000000000000000        0x0 /usr/lib/gcc-cross/arm-linux-gnueabi/7/../../../../arm-linux-gnueabi/lib/../libhf/crt1.o
 .note.GNU-stack
                0x0000000000000000        0x0 /usr/lib/gcc-cross/arm-linux-gnueabi/7/../../../../arm-linux-gnueabi/lib/../libhf/crti.o
 .note.GNU-stack
                0x0000000000000000        0x0 /usr/lib/gcc-cross/arm-linux-gnueabi/7/crtbegin.o
 .note.GNU-stack
                0x0000000000000000        0x0 ./src/delete_CB.o
 .note.GNU-stack
                0x0000000000000000        0x0 ./src/init_CB.o
 .note.GNU-stack
                0x0000000000000000        0x0 ./src/insert_data.o
 .note.GNU-stack
                0x0000000000000000        0x0 ./src/insert_link.o
 .note.GNU-stack
                0x0000000000000000        0x0 ./src/resize_CB.o
 .note.GNU-stack
                0x0000000000000000        0x0 ./src/report_data.o
 .note.GNU-stack
                0x0000000000000000        0x0 ./src/clear_buffer.o
 .note.GNU-stack
                0x0000000000000000        0x0 ./src/pop_data.o
 .note.GNU-stack
                0x0000000000000000        0x0 ./main.o
 .note.GNU-stack
                0x0000000000000000        0x0 /usr/arm-linux-gnueabihf/lib/libc_nonshared.a(elf-init.oS)
 .note.GNU-stack
                0x0000000000000000        0x0 /usr/lib/gcc-cross/arm-linux-gnueabi/7/crtend.o
 .note.GNU-stack
                0x0000000000000000        0x0 /usr/lib/gcc-cross/arm-linux-gnueabi/7/../../../../arm-linux-gnueabi/lib/../libhf/crtn.o

Memory Configuration

Name             Origin             Length             Attributes
*default*        0x0000000000000000 0xffffffffffffffff

Linker script and memory map

LOAD /usr/lib/gcc-cross/arm-linux-gnueabi/7/../../../../arm-linux-gnueabi/lib/../libhf/crt1.o
LOAD /usr/lib/gcc-cross/arm-linux-gnueabi/7/../../../../arm-linux-gnueabi/lib/../libhf/crti.o
LOAD /usr/lib/gcc-cross/arm-linux-gnueabi/7/crtbegin.o
LOAD ./src/delete_CB.o
LOAD ./src/init_CB.o
LOAD ./src/insert_data.o
LOAD ./src/insert_link.o
LOAD ./src/resize_CB.o
LOAD ./src/report_data.o
LOAD ./src/clear_buffer.o
LOAD ./src/pop_data.o
LOAD ./main.o
LOAD /usr/lib/gcc-cross/arm-linux-gnueabi/7/libgcc.a
LOAD /usr/lib/gcc-cross/arm-linux-gnueabi/7/libgcc_s.so
START GROUP
LOAD /usr/lib/gcc-cross/arm-linux-gnueabi/7/../../../../arm-linux-gnueabi/lib/../libhf/libgcc_s.so.1
LOAD /usr/lib/gcc-cross/arm-linux-gnueabi/7/libgcc.a
END GROUP
LOAD /usr/lib/gcc-cross/arm-linux-gnueabi/7/../../../../arm-linux-gnueabi/lib/../libhf/libc.so
START GROUP
LOAD /usr/arm-linux-gnueabihf/lib/libc.so.6
LOAD /usr/arm-linux-gnueabihf/lib/libc_nonshared.a
LOAD /usr/arm-linux-gnueabihf/lib/ld-linux-armhf.so.3
END GROUP
LOAD /usr/lib/gcc-cross/arm-linux-gnueabi/7/libgcc.a
LOAD /usr/lib/gcc-cross/arm-linux-gnueabi/7/libgcc_s.so
START GROUP
LOAD /usr/lib/gcc-cross/arm-linux-gnueabi/7/../../../../arm-linux-gnueabi/lib/../libhf/libgcc_s.so.1
LOAD /usr/lib/gcc-cross/arm-linux-gnueabi/7/libgcc.a
END GROUP
LOAD /usr/lib/gcc-cross/arm-linux-gnueabi/7/crtend.o
LOAD /usr/lib/gcc-cross/arm-linux-gnueabi/7/../../../../arm-linux-gnueabi/lib/../libhf/crtn.o
                [!provide]                        PROVIDE (__executable_start, SEGMENT_START ("text-segment", 0x10000))
                0x0000000000010154                . = (SEGMENT_START ("text-segment", 0x10000) + SIZEOF_HEADERS)

.interp         0x0000000000010154       0x19
 *(.interp)
 .interp        0x0000000000010154       0x19 /usr/lib/gcc-cross/arm-linux-gnueabi/7/../../../../arm-linux-gnueabi/lib/../libhf/crt1.o

.note.ABI-tag   0x0000000000010170       0x20
 .note.ABI-tag  0x0000000000010170       0x20 /usr/lib/gcc-cross/arm-linux-gnueabi/7/../../../../arm-linux-gnueabi/lib/../libhf/crt1.o

.note.gnu.build-id
                0x0000000000010190       0x24
 *(.note.gnu.build-id)
 .note.gnu.build-id
                0x0000000000010190       0x24 linker stubs

.hash
 *(.hash)

.gnu.hash       0x00000000000101b4       0x44
 *(.gnu.hash)
 .gnu.hash      0x00000000000101b4       0x44 /usr/lib/gcc-cross/arm-linux-gnueabi/7/../../../../arm-linux-gnueabi/lib/../libhf/crt1.o

.dynsym         0x00000000000101f8       0xa0
 *(.dynsym)
 .dynsym        0x00000000000101f8       0xa0 /usr/lib/gcc-cross/arm-linux-gnueabi/7/../../../../arm-linux-gnueabi/lib/../libhf/crt1.o

.dynstr         0x0000000000010298       0x8b
 *(.dynstr)
 .dynstr        0x0000000000010298       0x8b /usr/lib/gcc-cross/arm-linux-gnueabi/7/../../../../arm-linux-gnueabi/lib/../libhf/crt1.o

.gnu.version    0x0000000000010324       0x14
 *(.gnu.version)
 .gnu.version   0x0000000000010324       0x14 /usr/lib/gcc-cross/arm-linux-gnueabi/7/../../../../arm-linux-gnueabi/lib/../libhf/crt1.o

.gnu.version_d  0x0000000000010338        0x0
 *(.gnu.version_d)
 .gnu.version_d
                0x0000000000010338        0x0 /usr/lib/gcc-cross/arm-linux-gnueabi/7/../../../../arm-linux-gnueabi/lib/../libhf/crt1.o

.gnu.version_r  0x0000000000010338       0x40
 *(.gnu.version_r)
 .gnu.version_r
                0x0000000000010338       0x40 /usr/lib/gcc-cross/arm-linux-gnueabi/7/../../../../arm-linux-gnueabi/lib/../libhf/crt1.o

.rel.dyn        0x0000000000010378       0x10
 *(.rel.init)
 *(.rel.text .rel.text.* .rel.gnu.linkonce.t.*)
 *(.rel.fini)
 *(.rel.rodata .rel.rodata.* .rel.gnu.linkonce.r.*)
 *(.rel.data.rel.ro .rel.data.rel.ro.* .rel.gnu.linkonce.d.rel.ro.*)
 .rel.data.rel.ro
                0x0000000000010378        0x8 /usr/lib/gcc-cross/arm-linux-gnueabi/7/../../../../arm-linux-gnueabi/lib/../libhf/crt1.o
 *(.rel.data .rel.data.* .rel.gnu.linkonce.d.*)
 *(.rel.tdata .rel.tdata.* .rel.gnu.linkonce.td.*)
 *(.rel.tbss .rel.tbss.* .rel.gnu.linkonce.tb.*)
 *(.rel.ctors)
 *(.rel.dtors)
 *(.rel.got)
 .rel.got       0x0000000000010380        0x8 /usr/lib/gcc-cross/arm-linux-gnueabi/7/../../../../arm-linux-gnueabi/lib/../libhf/crt1.o
 *(.rel.bss .rel.bss.* .rel.gnu.linkonce.b.*)
 .rel.bss       0x0000000000010388        0x0 /usr/lib/gcc-cross/arm-linux-gnueabi/7/../../../../arm-linux-gnueabi/lib/../libhf/crt1.o
                [!provide]                        PROVIDE (__rel_iplt_start, .)
 *(.rel.iplt)
 .rel.iplt      0x0000000000010388        0x0 /usr/lib/gcc-cross/arm-linux-gnueabi/7/../../../../arm-linux-gnueabi/lib/../libhf/crt1.o
                [!provide]                        PROVIDE (__rel_iplt_end, .)

.rela.dyn       0x0000000000010388        0x0
 *(.rela.init)
 *(.rela.text .rela.text.* .rela.gnu.linkonce.t.*)
 *(.rela.fini)
 *(.rela.rodata .rela.rodata.* .rela.gnu.linkonce.r.*)
 *(.rela.data .rela.data.* .rela.gnu.linkonce.d.*)
 *(.rela.tdata .rela.tdata.* .rela.gnu.linkonce.td.*)
 *(.rela.tbss .rela.tbss.* .rela.gnu.linkonce.tb.*)
 *(.rela.ctors)
 *(.rela.dtors)
 *(.rela.got)
 *(.rela.bss .rela.bss.* .rela.gnu.linkonce.b.*)
                [!provide]                        PROVIDE (__rela_iplt_start, .)
 *(.rela.iplt)
                [!provide]                        PROVIDE (__rela_iplt_end, .)

.rel.plt        0x0000000000010388       0x40
 *(.rel.plt)
 .rel.plt       0x0000000000010388       0x40 /usr/lib/gcc-cross/arm-linux-gnueabi/7/../../../../arm-linux-gnueabi/lib/../libhf/crt1.o

.rela.plt
 *(.rela.plt)

.init           0x00000000000103c8        0xc
 *(SORT(.init))
 .init          0x00000000000103c8        0x8 /usr/lib/gcc-cross/arm-linux-gnueabi/7/../../../../arm-linux-gnueabi/lib/../libhf/crti.o
                0x00000000000103c8                _init
 .init          0x00000000000103d0        0x4 /usr/lib/gcc-cross/arm-linux-gnueabi/7/../../../../arm-linux-gnueabi/lib/../libhf/crtn.o

.plt            0x00000000000103d4       0x74
 *(.plt)
 .plt           0x00000000000103d4       0x74 /usr/lib/gcc-cross/arm-linux-gnueabi/7/../../../../arm-linux-gnueabi/lib/../libhf/crt1.o
                0x00000000000103e8                printf@@GLIBC_2.4
                0x00000000000103f4                free@@GLIBC_2.4
                0x0000000000010400                __stack_chk_fail@@GLIBC_2.4
                0x000000000001040c                puts@@GLIBC_2.4
                0x0000000000010418                malloc@@GLIBC_2.4
                0x0000000000010424                __libc_start_main@@GLIBC_2.4
                0x000000000001043c                abort@@GLIBC_2.4

.iplt           0x0000000000010448        0x0
 *(.iplt)
 .iplt          0x0000000000010448        0x0 /usr/lib/gcc-cross/arm-linux-gnueabi/7/../../../../arm-linux-gnueabi/lib/../libhf/crt1.o

.text           0x0000000000010448      0x638
 *(.text.unlikely .text.*_unlikely .text.unlikely.*)
 *(.text.exit .text.exit.*)
 *(.text.startup .text.startup.*)
 *(.text.hot .text.hot.*)
 *(.text .stub .text.* .gnu.linkonce.t.*)
 .text          0x0000000000010448       0x30 /usr/lib/gcc-cross/arm-linux-gnueabi/7/../../../../arm-linux-gnueabi/lib/../libhf/crt1.o
                0x0000000000010448                _start
 .text          0x0000000000010478       0x24 /usr/lib/gcc-cross/arm-linux-gnueabi/7/../../../../arm-linux-gnueabi/lib/../libhf/crti.o
 .text          0x000000000001049c       0x90 /usr/lib/gcc-cross/arm-linux-gnueabi/7/crtbegin.o
 .text          0x000000000001052c       0x7a ./src/delete_CB.o
                0x000000000001052c                delete_CB
 .text          0x00000000000105a6       0xdc ./src/init_CB.o
                0x00000000000105a6                init_CB
                0x000000000001063a                IsFULL
                0x0000000000010660                IsEMPTY
 .text          0x0000000000010682       0xa6 ./src/insert_data.o
                0x0000000000010682                insert_data
 .text          0x0000000000010728       0x74 ./src/insert_link.o
                0x0000000000010728                insert_link
 .text          0x000000000001079c       0x70 ./src/resize_CB.o
                0x000000000001079c                resize_CB
 .text          0x000000000001080c       0xae ./src/report_data.o
                0x000000000001080c                report_data
 .text          0x00000000000108ba       0x6e ./src/clear_buffer.o
                0x00000000000108ba                clear_buffer
 .text          0x0000000000010928       0x72 ./src/pop_data.o
                0x0000000000010928                pop_data
 .text          0x000000000001099a       0xa4 ./main.o
                0x000000000001099a                main
 *fill*         0x0000000000010a3e        0x2 
 .text          0x0000000000010a40       0x40 /usr/arm-linux-gnueabihf/lib/libc_nonshared.a(elf-init.oS)
                0x0000000000010a40                __libc_csu_init
                0x0000000000010a7c                __libc_csu_fini
 .text          0x0000000000010a80        0x0 /usr/lib/gcc-cross/arm-linux-gnueabi/7/crtend.o
 .text          0x0000000000010a80        0x0 /usr/lib/gcc-cross/arm-linux-gnueabi/7/../../../../arm-linux-gnueabi/lib/../libhf/crtn.o
 *(.gnu.warning)
 *(.glue_7t)
 .glue_7t       0x0000000000010a80        0x0 linker stubs
 *(.glue_7)
 .glue_7        0x0000000000010a80        0x0 linker stubs
 *(.vfp11_veneer)
 .vfp11_veneer  0x0000000000010a80        0x0 linker stubs
 *(.v4_bx)
 .v4_bx         0x0000000000010a80        0x0 linker stubs

.fini           0x0000000000010a80        0x8
 *(SORT(.fini))
 .fini          0x0000000000010a80        0x4 /usr/lib/gcc-cross/arm-linux-gnueabi/7/../../../../arm-linux-gnueabi/lib/../libhf/crti.o
                0x0000000000010a80                _fini
 .fini          0x0000000000010a84        0x4 /usr/lib/gcc-cross/arm-linux-gnueabi/7/../../../../arm-linux-gnueabi/lib/../libhf/crtn.o
                [!provide]                        PROVIDE (__etext, .)
                [!provide]                        PROVIDE (_etext, .)
                [!provide]                        PROVIDE (etext, .)

.rodata         0x0000000000010a88      0x1ad
 *(.rodata .rodata.* .gnu.linkonce.r.*)
 .rodata.cst4   0x0000000000010a88        0x4 /usr/lib/gcc-cross/arm-linux-gnueabi/7/../../../../arm-linux-gnueabi/lib/../libhf/crt1.o
                0x0000000000010a88                _IO_stdin_used
 .rodata        0x0000000000010a8c       0x2e ./src/delete_CB.o
 *fill*         0x0000000000010aba        0x2 
 .rodata        0x0000000000010abc       0x16 ./src/init_CB.o
 *fill*         0x0000000000010ad2        0x2 
 .rodata        0x0000000000010ad4       0x3f ./src/insert_data.o
 *fill*         0x0000000000010b13        0x1 
 .rodata        0x0000000000010b14       0x2c ./src/resize_CB.o
 .rodata        0x0000000000010b40       0x6a ./src/report_data.o
 *fill*         0x0000000000010baa        0x2 
 .rodata        0x0000000000010bac       0x50 ./src/clear_buffer.o
 .rodata        0x0000000000010bfc       0x39 ./src/pop_data.o

.rodata1
 *(.rodata1)

.ARM.extab      0x0000000000010c35        0x0
 *(.ARM.extab* .gnu.linkonce.armextab.*)
 .ARM.extab     0x0000000000010c35        0x0 /usr/lib/gcc-cross/arm-linux-gnueabi/7/../../../../arm-linux-gnueabi/lib/../libhf/crt1.o
                [!provide]                        PROVIDE (__exidx_start, .)

.ARM.exidx      0x0000000000010c38        0x8
 *(.ARM.exidx* .gnu.linkonce.armexidx.*)
 .ARM.exidx     0x0000000000010c38        0x8 /usr/lib/gcc-cross/arm-linux-gnueabi/7/../../../../arm-linux-gnueabi/lib/../libhf/crt1.o
                [!provide]                        PROVIDE (__exidx_end, .)

.eh_frame_hdr
 *(.eh_frame_hdr)
 *(.eh_frame_entry .eh_frame_entry.*)

.eh_frame       0x0000000000010c40        0x4
 *(.eh_frame)
 .eh_frame      0x0000000000010c40        0x4 /usr/lib/gcc-cross/arm-linux-gnueabi/7/crtend.o
 *(.eh_frame.*)

.gcc_except_table
 *(.gcc_except_table .gcc_except_table.*)

.gnu_extab
 *(.gnu_extab*)

.exception_ranges
 *(.exception_ranges .exception_ranges*)
                0x0000000000020f00                . = DATA_SEGMENT_ALIGN (CONSTANT (MAXPAGESIZE), CONSTANT (COMMONPAGESIZE))

.eh_frame
 *(.eh_frame)
 *(.eh_frame.*)

.gnu_extab
 *(.gnu_extab)

.gcc_except_table
 *(.gcc_except_table .gcc_except_table.*)

.exception_ranges
 *(.exception_ranges .exception_ranges*)

.tdata
 *(.tdata .tdata.* .gnu.linkonce.td.*)

.tbss
 *(.tbss .tbss.* .gnu.linkonce.tb.*)
 *(.tcommon)

.preinit_array  0x0000000000020f00        0x0
                [!provide]                        PROVIDE (__preinit_array_start, .)
 *(.preinit_array)
                [!provide]                        PROVIDE (__preinit_array_end, .)

.init_array     0x0000000000020f00        0x4
                0x0000000000020f00                PROVIDE (__init_array_start, .)
 *(SORT(.init_array.*) SORT(.ctors.*))
 *(.init_array EXCLUDE_FILE(*crtend?.o *crtend.o *crtbegin?.o *crtbegin.o) .ctors)
 .init_array    0x0000000000020f00        0x4 /usr/lib/gcc-cross/arm-linux-gnueabi/7/crtbegin.o
                0x0000000000020f04                PROVIDE (__init_array_end, .)

.fini_array     0x0000000000020f04        0x4
                [!provide]                        PROVIDE (__fini_array_start, .)
 *(SORT(.fini_array.*) SORT(.dtors.*))
 *(.fini_array EXCLUDE_FILE(*crtend?.o *crtend.o *crtbegin?.o *crtbegin.o) .dtors)
 .fini_array    0x0000000000020f04        0x4 /usr/lib/gcc-cross/arm-linux-gnueabi/7/crtbegin.o
                [!provide]                        PROVIDE (__fini_array_end, .)

.ctors
 *crtbegin.o(.ctors)
 *crtbegin?.o(.ctors)
 *(EXCLUDE_FILE(*crtend?.o *crtend.o) .ctors)
 *(SORT(.ctors.*))
 *(.ctors)

.dtors
 *crtbegin.o(.dtors)
 *crtbegin?.o(.dtors)
 *(EXCLUDE_FILE(*crtend?.o *crtend.o) .dtors)
 *(SORT(.dtors.*))
 *(.dtors)

.jcr
 *(.jcr)

.data.rel.ro    0x0000000000020f08        0x4
 *(.data.rel.ro.local* .gnu.linkonce.d.rel.ro.local.*)
 *(.data.rel.ro .data.rel.ro.* .gnu.linkonce.d.rel.ro.*)
 *fill*         0x0000000000020f08        0x0 
 .data.rel.ro   0x0000000000020f08        0x4 /usr/lib/gcc-cross/arm-linux-gnueabi/7/../../../../arm-linux-gnueabi/lib/../libhf/crt1.o
                0x0000000000020f08                __stack_chk_guard@@GLIBC_2.4

.dynamic        0x0000000000020f0c       0xf0
 *(.dynamic)
 .dynamic       0x0000000000020f0c       0xf0 /usr/lib/gcc-cross/arm-linux-gnueabi/7/../../../../arm-linux-gnueabi/lib/../libhf/crt1.o
                0x0000000000020f0c                _DYNAMIC
                0x0000000000021000                . = DATA_SEGMENT_RELRO_END (., 0x0)

.got            0x0000000000021000       0x30
 *(.got.plt)
 .got.plt       0x0000000000021000       0x2c /usr/lib/gcc-cross/arm-linux-gnueabi/7/../../../../arm-linux-gnueabi/lib/../libhf/crt1.o
                0x0000000000021000                _GLOBAL_OFFSET_TABLE_
 *(.igot.plt)
 .igot.plt      0x000000000002102c        0x0 /usr/lib/gcc-cross/arm-linux-gnueabi/7/../../../../arm-linux-gnueabi/lib/../libhf/crt1.o
 *(.got)
 .got           0x000000000002102c        0x4 /usr/lib/gcc-cross/arm-linux-gnueabi/7/../../../../arm-linux-gnueabi/lib/../libhf/crt1.o
 *(.igot)

.data           0x0000000000021030        0x8
                [!provide]                        PROVIDE (__data_start, .)
 *(.data .data.* .gnu.linkonce.d.*)
 .data          0x0000000000021030        0x4 /usr/lib/gcc-cross/arm-linux-gnueabi/7/../../../../arm-linux-gnueabi/lib/../libhf/crt1.o
                0x0000000000021030                data_start
                0x0000000000021030                __data_start
 .data          0x0000000000021034        0x0 /usr/lib/gcc-cross/arm-linux-gnueabi/7/../../../../arm-linux-gnueabi/lib/../libhf/crti.o
 .data          0x0000000000021034        0x4 /usr/lib/gcc-cross/arm-linux-gnueabi/7/crtbegin.o
                0x0000000000021034                __dso_handle
 .data          0x0000000000021038        0x0 ./src/delete_CB.o
 .data          0x0000000000021038        0x0 ./src/init_CB.o
 .data          0x0000000000021038        0x0 ./src/insert_data.o
 .data          0x0000000000021038        0x0 ./src/insert_link.o
 .data          0x0000000000021038        0x0 ./src/resize_CB.o
 .data          0x0000000000021038        0x0 ./src/report_data.o
 .data          0x0000000000021038        0x0 ./src/clear_buffer.o
 .data          0x0000000000021038        0x0 ./src/pop_data.o
 .data          0x0000000000021038        0x0 ./main.o
 .data          0x0000000000021038        0x0 /usr/arm-linux-gnueabihf/lib/libc_nonshared.a(elf-init.oS)
 .data          0x0000000000021038        0x0 /usr/lib/gcc-cross/arm-linux-gnueabi/7/crtend.o
 .data          0x0000000000021038        0x0 /usr/lib/gcc-cross/arm-linux-gnueabi/7/../../../../arm-linux-gnueabi/lib/../libhf/crtn.o

.tm_clone_table
                0x0000000000021038        0x0
 .tm_clone_table
                0x0000000000021038        0x0 /usr/lib/gcc-cross/arm-linux-gnueabi/7/crtbegin.o
 .tm_clone_table
                0x0000000000021038        0x0 /usr/lib/gcc-cross/arm-linux-gnueabi/7/crtend.o

.data1
 *(.data1)
                0x0000000000021038                _edata = .
                [!provide]                        PROVIDE (edata, .)
                0x0000000000021038                . = .
                0x0000000000021038                __bss_start = .
                0x0000000000021038                __bss_start__ = .

.bss            0x0000000000021038      0x45c
 *(.dynbss)
 .dynbss        0x0000000000021038        0x0 /usr/lib/gcc-cross/arm-linux-gnueabi/7/../../../../arm-linux-gnueabi/lib/../libhf/crt1.o
 *(.bss .bss.* .gnu.linkonce.b.*)
 .bss           0x0000000000021038        0x0 /usr/lib/gcc-cross/arm-linux-gnueabi/7/../../../../arm-linux-gnueabi/lib/../libhf/crt1.o
 .bss           0x0000000000021038        0x0 /usr/lib/gcc-cross/arm-linux-gnueabi/7/../../../../arm-linux-gnueabi/lib/../libhf/crti.o
 .bss           0x0000000000021038        0x1 /usr/lib/gcc-cross/arm-linux-gnueabi/7/crtbegin.o
 .bss           0x0000000000021039        0x0 ./src/delete_CB.o
 .bss           0x0000000000021039        0x0 ./src/init_CB.o
 .bss           0x0000000000021039        0x0 ./src/insert_data.o
 .bss           0x0000000000021039        0x0 ./src/insert_link.o
 .bss           0x0000000000021039        0x0 ./src/resize_CB.o
 .bss           0x0000000000021039        0x0 ./src/report_data.o
 .bss           0x0000000000021039        0x0 ./src/clear_buffer.o
 .bss           0x0000000000021039        0x0 ./src/pop_data.o
 *fill*         0x0000000000021039        0x3 
 .bss           0x000000000002103c      0x401 ./main.o
                0x000000000002103c                database
                0x000000000002143c                data_pop
 .bss           0x000000000002143d        0x0 /usr/arm-linux-gnueabihf/lib/libc_nonshared.a(elf-init.oS)
 .bss           0x000000000002143d        0x0 /usr/lib/gcc-cross/arm-linux-gnueabi/7/crtend.o
 .bss           0x000000000002143d        0x0 /usr/lib/gcc-cross/arm-linux-gnueabi/7/../../../../arm-linux-gnueabi/lib/../libhf/crtn.o
 *(COMMON)
 *fill*         0x000000000002143d        0x3 
 COMMON         0x0000000000021440       0x1c ./src/delete_CB.o
                0x0000000000021440                RX_buffer
 COMMON         0x000000000002145c       0x36 ./main.o
                0x000000000002145c                num
                0x0000000000021470                prime_number
                0x0000000000021474                prime_print
                0x0000000000021494                . = ALIGN ((. != 0x0)?0x4:0x1)
 *fill*         0x0000000000021492        0x2 
                0x0000000000021494                _bss_end__ = .
                0x0000000000021494                __bss_end__ = .
                0x0000000000021494                . = ALIGN (0x4)
                0x0000000000021494                . = SEGMENT_START ("ldata-segment", .)
                0x0000000000021494                . = ALIGN (0x4)
                0x0000000000021494                __end__ = .
                0x0000000000021494                _end = .
                [!provide]                        PROVIDE (end, .)
                0x0000000000021494                . = DATA_SEGMENT_END (.)

.stab
 *(.stab)

.stabstr
 *(.stabstr)

.stab.excl
 *(.stab.excl)

.stab.exclstr
 *(.stab.exclstr)

.stab.index
 *(.stab.index)

.stab.indexstr
 *(.stab.indexstr)

.comment        0x0000000000000000       0x2a
 *(.comment)
 .comment       0x0000000000000000       0x2a /usr/lib/gcc-cross/arm-linux-gnueabi/7/crtbegin.o
                                         0x2b (size before relaxing)
 .comment       0x000000000000002a       0x2b ./src/delete_CB.o
 .comment       0x000000000000002a       0x2b ./src/init_CB.o
 .comment       0x000000000000002a       0x2b ./src/insert_data.o
 .comment       0x000000000000002a       0x2b ./src/insert_link.o
 .comment       0x000000000000002a       0x2b ./src/resize_CB.o
 .comment       0x000000000000002a       0x2b ./src/report_data.o
 .comment       0x000000000000002a       0x2b ./src/clear_buffer.o
 .comment       0x000000000000002a       0x2b ./src/pop_data.o
 .comment       0x000000000000002a       0x2b ./main.o
 .comment       0x000000000000002a       0x2b /usr/lib/gcc-cross/arm-linux-gnueabi/7/crtend.o

.ARM.attributes
                0x0000000000000000       0x35
 .ARM.attributes
                0x0000000000000000       0x33 /usr/lib/gcc-cross/arm-linux-gnueabi/7/../../../../arm-linux-gnueabi/lib/../libhf/crt1.o
 .ARM.attributes
                0x0000000000000033       0x27 /usr/lib/gcc-cross/arm-linux-gnueabi/7/../../../../arm-linux-gnueabi/lib/../libhf/crti.o
 .ARM.attributes
                0x000000000000005a       0x2a /usr/lib/gcc-cross/arm-linux-gnueabi/7/crtbegin.o
 .ARM.attributes
                0x0000000000000084       0x3b ./src/delete_CB.o
 .ARM.attributes
                0x00000000000000bf       0x3b ./src/init_CB.o
 .ARM.attributes
                0x00000000000000fa       0x3b ./src/insert_data.o
 .ARM.attributes
                0x0000000000000135       0x3b ./src/insert_link.o
 .ARM.attributes
                0x0000000000000170       0x3b ./src/resize_CB.o
 .ARM.attributes
                0x00000000000001ab       0x3b ./src/report_data.o
 .ARM.attributes
                0x00000000000001e6       0x3b ./src/clear_buffer.o
 .ARM.attributes
                0x0000000000000221       0x3b ./src/pop_data.o
 .ARM.attributes
                0x000000000000025c       0x3b ./main.o
 .ARM.attributes
                0x0000000000000297       0x35 /usr/arm-linux-gnueabihf/lib/libc_nonshared.a(elf-init.oS)
 .ARM.attributes
                0x00000000000002cc       0x2a /usr/lib/gcc-cross/arm-linux-gnueabi/7/crtend.o
 .ARM.attributes
                0x00000000000002f6       0x27 /usr/lib/gcc-cross/arm-linux-gnueabi/7/../../../../arm-linux-gnueabi/lib/../libhf/crtn.o

.debug
 *(.debug)

.line
 *(.line)

.debug_srcinfo
 *(.debug_srcinfo)

.debug_sfnames
 *(.debug_sfnames)

.debug_aranges  0x0000000000000000      0x120
 *(.debug_aranges)
 .debug_aranges
                0x0000000000000000       0x20 ./src/delete_CB.o
 .debug_aranges
                0x0000000000000020       0x20 ./src/init_CB.o
 .debug_aranges
                0x0000000000000040       0x20 ./src/insert_data.o
 .debug_aranges
                0x0000000000000060       0x20 ./src/insert_link.o
 .debug_aranges
                0x0000000000000080       0x20 ./src/resize_CB.o
 .debug_aranges
                0x00000000000000a0       0x20 ./src/report_data.o
 .debug_aranges
                0x00000000000000c0       0x20 ./src/clear_buffer.o
 .debug_aranges
                0x00000000000000e0       0x20 ./src/pop_data.o
 .debug_aranges
                0x0000000000000100       0x20 ./main.o

.debug_pubnames
 *(.debug_pubnames)

.debug_info     0x0000000000000000     0x273a
 *(.debug_info .gnu.linkonce.wi.*)
 .debug_info    0x0000000000000000      0x43b ./src/delete_CB.o
 .debug_info    0x000000000000043b      0x4ab ./src/init_CB.o
 .debug_info    0x00000000000008e6      0x449 ./src/insert_data.o
 .debug_info    0x0000000000000d2f      0x449 ./src/insert_link.o
 .debug_info    0x0000000000001178      0x45f ./src/resize_CB.o
 .debug_info    0x00000000000015d7      0x453 ./src/report_data.o
 .debug_info    0x0000000000001a2a      0x43b ./src/clear_buffer.o
 .debug_info    0x0000000000001e65      0x44f ./src/pop_data.o
 .debug_info    0x00000000000022b4      0x486 ./main.o

.debug_abbrev   0x0000000000000000      0xbc5
 *(.debug_abbrev)
 .debug_abbrev  0x0000000000000000      0x143 ./src/delete_CB.o
 .debug_abbrev  0x0000000000000143      0x175 ./src/init_CB.o
 .debug_abbrev  0x00000000000002b8      0x152 ./src/insert_data.o
 .debug_abbrev  0x000000000000040a      0x152 ./src/insert_link.o
 .debug_abbrev  0x000000000000055c      0x15b ./src/resize_CB.o
 .debug_abbrev  0x00000000000006b7      0x15b ./src/report_data.o
 .debug_abbrev  0x0000000000000812      0x143 ./src/clear_buffer.o
 .debug_abbrev  0x0000000000000955      0x143 ./src/pop_data.o
 .debug_abbrev  0x0000000000000a98      0x12d ./main.o

.debug_line     0x0000000000000000      0xab9
 *(.debug_line .debug_line.* .debug_line_end)
 .debug_line    0x0000000000000000      0x129 ./src/delete_CB.o
 .debug_line    0x0000000000000129      0x147 ./src/init_CB.o
 .debug_line    0x0000000000000270      0x134 ./src/insert_data.o
 .debug_line    0x00000000000003a4      0x12c ./src/insert_link.o
 .debug_line    0x00000000000004d0      0x134 ./src/resize_CB.o
 .debug_line    0x0000000000000604      0x145 ./src/report_data.o
 .debug_line    0x0000000000000749      0x12a ./src/clear_buffer.o
 .debug_line    0x0000000000000873      0x126 ./src/pop_data.o
 .debug_line    0x0000000000000999      0x120 ./main.o

.debug_frame    0x0000000000000000      0x224
 *(.debug_frame)
 .debug_frame   0x0000000000000000       0x34 ./src/delete_CB.o
 .debug_frame   0x0000000000000034       0x84 ./src/init_CB.o
 .debug_frame   0x00000000000000b8       0x34 ./src/insert_data.o
 .debug_frame   0x00000000000000ec       0x34 ./src/insert_link.o
 .debug_frame   0x0000000000000120       0x34 ./src/resize_CB.o
 .debug_frame   0x0000000000000154       0x34 ./src/report_data.o
 .debug_frame   0x0000000000000188       0x34 ./src/clear_buffer.o
 .debug_frame   0x00000000000001bc       0x34 ./src/pop_data.o
 .debug_frame   0x00000000000001f0       0x34 ./main.o

.debug_str      0x0000000000000000      0x495
 *(.debug_str)
 .debug_str     0x0000000000000000      0x35e ./src/delete_CB.o
                                        0x3c5 (size before relaxing)
 .debug_str     0x000000000000035e       0x2c ./src/init_CB.o
                                        0x3d7 (size before relaxing)
 .debug_str     0x000000000000038a       0x1e ./src/insert_data.o
                                        0x3c9 (size before relaxing)
 .debug_str     0x00000000000003a8       0x23 ./src/insert_link.o
                                        0x3ce (size before relaxing)
 .debug_str     0x00000000000003cb       0x2a ./src/resize_CB.o
                                        0x3d5 (size before relaxing)
 .debug_str     0x00000000000003f5       0x1e ./src/report_data.o
                                        0x3ce (size before relaxing)
 .debug_str     0x0000000000000413       0x20 ./src/clear_buffer.o
                                        0x3cb (size before relaxing)
 .debug_str     0x0000000000000433       0x18 ./src/pop_data.o
                                        0x3c3 (size before relaxing)
 .debug_str     0x000000000000044b       0x4a ./main.o
                                        0x3aa (size before relaxing)

.debug_loc
 *(.debug_loc)

.debug_macinfo
 *(.debug_macinfo)

.debug_weaknames
 *(.debug_weaknames)

.debug_funcnames
 *(.debug_funcnames)

.debug_typenames
 *(.debug_typenames)

.debug_varnames
 *(.debug_varnames)

.debug_pubtypes
 *(.debug_pubtypes)

.debug_ranges
 *(.debug_ranges)

.debug_macro
 *(.debug_macro)

.debug_addr
 *(.debug_addr)

.gnu.attributes
 *(.gnu.attributes)

.note.gnu.arm.ident
 *(.note.gnu.arm.ident)

/DISCARD/
 *(.note.GNU-stack)
 *(.gnu_debuglink)
 *(.gnu.lto_*)
OUTPUT(char_histogram.elf elf32-littlearm)
